6c14634e7447def7aa7ccb850f76c2569be186a806d478a8449368276e3bd94c  js/private/test/image/cksum_node
52836a988c8ac815b4a3b70fa3a3acec67b851699fa989694cef4cc1fa53de96  js/private/test/image/cksum_package_store_3p
642b308a0561fb51dfd96d08d74a4ec419c9d2ca501cfa1002a49c8e25fbe4c2  js/private/test/image/cksum_package_store_1p
5d45f32dacf0b83e26c33d4e1017c694e79eaff29b8ecc336f9ea8fdee870d45  js/private/test/image/cksum_node_modules
