4a332bdfbc2c68da46ff8851a060c04c5e0328c07540c0da992d95e7b0e79ffa  js/private/test/image/cksum_app.tar
813d54ae63067f19103e13f616726ff1f32cf8d51e27789b8d31415300f0a69e  js/private/test/image/cksum_node_modules.tar
