253421c42119a0ce9b5987673f4ba428907751cd2ebbebd0d45e937479105a07  js/private/test/image/cksum_node.tar
bd0bbecdd3f675cb7b986ff97b0008f88a5832800161257bdec68981fbb5f47e  js/private/test/image/cksum_package_store_3p.tar
5fdcbbd175505f08c4c227b443ff4bdd6944561a53e2460375193a23d64d79d2  js/private/test/image/cksum_package_store_1p.tar
84a42327058bddc3e8b43a962fb3b575e06c39cc65c4b5bbdf3953f2b6f78918  js/private/test/image/cksum_node_modules.tar
